[FPGA sim] port=12346  pass +fpga_id=N to tag output
Listening on port 12346
[FPGA2] TX #0.0  data=0x02000000
[FPGA2] TX #0.1  data=0x02000001
[FPGA2] TX #0.2  data=0x02000002
[FPGA2] TX #0.3  data=0x02000003
[FPGA2] TX #0.4  data=0x02000004
[FPGA2] TX #0.5  data=0x02000005
[FPGA2] TX #0.6  data=0x02000006
[FPGA2] TX #0.7  data=0x02000007
[FPGA2] RX #1      data=0x01000000 (len=4 B)
[FPGA2] RX #1      data=0x01000001 (len=4 B)
[FPGA2] RX #1      data=0x01000002 (len=4 B)
[FPGA2] RX #1      data=0x01000003 (len=4 B)
[FPGA2] RX #1      data=0x01000004 (len=4 B)
[FPGA2] TX #1.0  data=0x02000000
[FPGA2] TX #1.1  data=0x02000001
[FPGA2] TX #1.2  data=0x02000002
[FPGA2] RX #1      data=0x01000005 (len=4 B)
[FPGA2] TX #1.3  data=0x02000003
[FPGA2] RX #1      data=0x01000006 (len=4 B)
[FPGA2] TX #1.4  data=0x02000004
[FPGA2] RX #1      data=0x01000007 (len=4 B)
[FPGA2] TX #1.5  data=0x02000005
[FPGA2] TX #1.6  data=0x02000006
[FPGA2] TX #1.7  data=0x02000007
[FPGA2] RX #2      data=0x01000000 (len=4 B)
[FPGA2] RX #2      data=0x01000001 (len=4 B)
[FPGA2] RX #2      data=0x01000002 (len=4 B)
[FPGA2] TX #2.0  data=0x02000000
[FPGA2] TX #2.1  data=0x02000001
[FPGA2] TX #2.2  data=0x02000002
[FPGA2] RX #2      data=0x01000003 (len=4 B)
[FPGA2] TX #2.3  data=0x02000003
[FPGA2] RX #2      data=0x01000004 (len=4 B)
[FPGA2] TX #2.4  data=0x02000004
[FPGA2] RX #2      data=0x01000005 (len=4 B)
[FPGA2] TX #2.5  data=0x02000005
[FPGA2] RX #2      data=0x01000006 (len=4 B)
[FPGA2] TX #2.6  data=0x02000006
[FPGA2] RX #2      data=0x01000007 (len=4 B)
[FPGA2] TX #2.7  data=0x02000007
[FPGA2] RX #3      data=0x01000000 (len=4 B)
[FPGA2] RX #3      data=0x01000001 (len=4 B)
[FPGA2] RX #3      data=0x01000002 (len=4 B)
[FPGA2] RX #3      data=0x01000003 (len=4 B)
[FPGA2] RX #3      data=0x01000004 (len=4 B)
[FPGA2] RX #3      data=0x01000005 (len=4 B)
[FPGA2] TX #3.0  data=0x02000000
[FPGA2] TX #3.1  data=0x02000001
[FPGA2] TX #3.2  data=0x02000002
[FPGA2] RX #3      data=0x01000006 (len=4 B)
[FPGA2] TX #3.3  data=0x02000003
[FPGA2] RX #3      data=0x01000007 (len=4 B)
[FPGA2] TX #3.4  data=0x02000004
[FPGA2] TX #3.5  data=0x02000005
[FPGA2] TX #3.6  data=0x02000006
[FPGA2] TX #3.7  data=0x02000007
[FPGA2] RX #4      data=0x01000000 (len=4 B)
[FPGA2] RX #4      data=0x01000001 (len=4 B)
[FPGA2] RX #4      data=0x01000002 (len=4 B)
[FPGA2] RX #4      data=0x01000003 (len=4 B)
[FPGA2] RX #4      data=0x01000004 (len=4 B)
[FPGA2] TX #4.0  data=0x02000000
[FPGA2] TX #4.1  data=0x02000001
[FPGA2] TX #4.2  data=0x02000002
[FPGA2] TX #4.3  data=0x02000003
[FPGA2] RX #4      data=0x01000005 (len=4 B)
[FPGA2] TX #4.4  data=0x02000004
[FPGA2] RX #4      data=0x01000006 (len=4 B)
[FPGA2] TX #4.5  data=0x02000005
[FPGA2] RX #4      data=0x01000007 (len=4 B)
[FPGA2] TX #4.6  data=0x02000006
[FPGA2] TX #4.7  data=0x02000007
[FPGA2] RX #5      data=0x01000000 (len=4 B)
[FPGA2] RX #5      data=0x01000001 (len=4 B)
[FPGA2] RX #5      data=0x01000002 (len=4 B)
[FPGA2] RX #5      data=0x01000003 (len=4 B)
[FPGA2] TX #5.0  data=0x02000000
[FPGA2] TX #5.1  data=0x02000001
[FPGA2] TX #5.2  data=0x02000002
[FPGA2] TX #5.3  data=0x02000003
[FPGA2] RX #5      data=0x01000004 (len=4 B)
[FPGA2] TX #5.4  data=0x02000004
[FPGA2] RX #5      data=0x01000005 (len=4 B)
[FPGA2] TX #5.5  data=0x02000005
[FPGA2] RX #5      data=0x01000006 (len=4 B)
[FPGA2] TX #5.6  data=0x02000006
[FPGA2] RX #5      data=0x01000007 (len=4 B)
[FPGA2] TX #5.7  data=0x02000007
[FPGA2] RX #6      data=0x01000000 (len=4 B)
[FPGA2] RX #6      data=0x01000001 (len=4 B)
[FPGA2] RX #6      data=0x01000002 (len=4 B)
[FPGA2] RX #6      data=0x01000003 (len=4 B)
[FPGA2] RX #6      data=0x01000004 (len=4 B)
[FPGA2] RX #6      data=0x01000005 (len=4 B)
[FPGA2] RX #6      data=0x01000006 (len=4 B)
[FPGA2] TX #6.0  data=0x02000000
[FPGA2] TX #6.1  data=0x02000001
[FPGA2] TX #6.2  data=0x02000002
[FPGA2] TX #6.3  data=0x02000003
[FPGA2] RX #6      data=0x01000007 (len=4 B)
[FPGA2] TX #6.4  data=0x02000004
[FPGA2] TX #6.5  data=0x02000005
[FPGA2] TX #6.6  data=0x02000006
[FPGA2] TX #6.7  data=0x02000007
[FPGA2] RX #7      data=0x01000000 (len=4 B)
[FPGA2] RX #7      data=0x01000001 (len=4 B)
[FPGA2] RX #7      data=0x01000002 (len=4 B)
[FPGA2] RX #7      data=0x01000003 (len=4 B)
[FPGA2] RX #7      data=0x01000004 (len=4 B)
[FPGA2] TX #7.0  data=0x02000000
[FPGA2] TX #7.1  data=0x02000001
[FPGA2] TX #7.2  data=0x02000002
[FPGA2] RX #7      data=0x01000005 (len=4 B)
[FPGA2] TX #7.3  data=0x02000003
[FPGA2] RX #7      data=0x01000006 (len=4 B)
[FPGA2] TX #7.4  data=0x02000004
[FPGA2] RX #7      data=0x01000007 (len=4 B)
[FPGA2] TX #7.5  data=0x02000005
[FPGA2] TX #7.6  data=0x02000006
[FPGA2] TX #7.7  data=0x02000007
[FPGA2] RX #8      data=0x01000000 (len=4 B)
[FPGA2] RX #8      data=0x01000001 (len=4 B)
[FPGA2] RX #8      data=0x01000002 (len=4 B)
[FPGA2] RX #8      data=0x01000003 (len=4 B)
[FPGA2] RX #8      data=0x01000004 (len=4 B)
[FPGA2] RX #8      data=0x01000005 (len=4 B)
[FPGA2] RX #8      data=0x01000006 (len=4 B)
[FPGA2] TX #8.0  data=0x02000000
[FPGA2] TX #8.1  data=0x02000001
[FPGA2] TX #8.2  data=0x02000002
[FPGA2] TX #8.3  data=0x02000003
[FPGA2] RX #8      data=0x01000007 (len=4 B)
[FPGA2] TX #8.4  data=0x02000004
[FPGA2] TX #8.5  data=0x02000005
[FPGA2] TX #8.6  data=0x02000006
[FPGA2] TX #8.7  data=0x02000007
[FPGA2] RX #9      data=0x01000000 (len=4 B)
[FPGA2] RX #9      data=0x01000001 (len=4 B)
[FPGA2] RX #9      data=0x01000002 (len=4 B)
[FPGA2] RX #9      data=0x01000003 (len=4 B)
[FPGA2] RX #9      data=0x01000004 (len=4 B)
[FPGA2] RX #9      data=0x01000005 (len=4 B)
[FPGA2] TX #9.0  data=0x02000000
[FPGA2] TX #9.1  data=0x02000001
[FPGA2] TX #9.2  data=0x02000002
[FPGA2] TX #9.3  data=0x02000003
[FPGA2] RX #9      data=0x01000006 (len=4 B)
[FPGA2] TX #9.4  data=0x02000004
[FPGA2] RX #9      data=0x01000007 (len=4 B)
[FPGA2] TX #9.5  data=0x02000005
[FPGA2] TX #9.6  data=0x02000006
[FPGA2] RX #9      data=0x01000000 (len=4 B)
[FPGA2] TX #9.7  data=0x02000007
[FPGA2] RX #10      data=0x01000001 (len=4 B)
[FPGA2] RX #10      data=0x01000002 (len=4 B)
[FPGA2] RX #10      data=0x01000003 (len=4 B)
[FPGA2] RX #10      data=0x01000004 (len=4 B)
[FPGA2] RX #10      data=0x01000005 (len=4 B)
[FPGA2] RX #10      data=0x01000006 (len=4 B)
[FPGA2] TX #10.0  data=0x02000000
[FPGA2] TX #10.1  data=0x02000001
[FPGA2] TX #10.2  data=0x02000002
[FPGA2] TX #10.3  data=0x02000003
[FPGA2] RX #10      data=0x01000007 (len=4 B)
[FPGA2] TX #10.4  data=0x02000004
[FPGA2] TX #10.5  data=0x02000005
[FPGA2] TX #10.6  data=0x02000006
[FPGA2] TX #10.7  data=0x02000007
[FPGA2] RX #11      data=0x01000000 (len=4 B)
[FPGA2] RX #11      data=0x01000001 (len=4 B)
[FPGA2] RX #11      data=0x01000002 (len=4 B)
[FPGA2] RX #11      data=0x01000003 (len=4 B)
[FPGA2] RX #11      data=0x01000004 (len=4 B)
[FPGA2] RX #11      data=0x01000005 (len=4 B)
[FPGA2] TX #11.0  data=0x02000000
[FPGA2] TX #11.1  data=0x02000001
[FPGA2] TX #11.2  data=0x02000002
[FPGA2] TX #11.3  data=0x02000003
[FPGA2] RX #11      data=0x01000006 (len=4 B)
[FPGA2] TX #11.4  data=0x02000004
[FPGA2] RX #11      data=0x01000007 (len=4 B)
[FPGA2] TX #11.5  data=0x02000005
[FPGA2] TX #11.6  data=0x02000006
[FPGA2] TX #11.7  data=0x02000007
[FPGA2] RX #12      data=0x01000000 (len=4 B)
[FPGA2] RX #12      data=0x01000001 (len=4 B)
[FPGA2] RX #12      data=0x01000002 (len=4 B)
[FPGA2] RX #12      data=0x01000003 (len=4 B)
[FPGA2] RX #12      data=0x01000004 (len=4 B)
[FPGA2] RX #12      data=0x01000005 (len=4 B)
[FPGA2] TX #12.0  data=0x02000000
[FPGA2] TX #12.1  data=0x02000001
[FPGA2] TX #12.2  data=0x02000002
[FPGA2] TX #12.3  data=0x02000003
[FPGA2] RX #12      data=0x01000006 (len=4 B)
[FPGA2] TX #12.4  data=0x02000004
[FPGA2] RX #12      data=0x01000007 (len=4 B)
[FPGA2] TX #12.5  data=0x02000005
[FPGA2] TX #12.6  data=0x02000006
[FPGA2] RX #12      data=0x01000000 (len=4 B)
[FPGA2] TX #12.7  data=0x02000007
[FPGA2] RX #13      data=0x01000001 (len=4 B)
[FPGA2] RX #13      data=0x01000002 (len=4 B)
[FPGA2] RX #13      data=0x01000003 (len=4 B)
[FPGA2] RX #13      data=0x01000004 (len=4 B)
[FPGA2] RX #13      data=0x01000005 (len=4 B)
[FPGA2] TX #13.0  data=0x02000000
[FPGA2] TX #13.1  data=0x02000001
[FPGA2] TX #13.2  data=0x02000002
[FPGA2] RX #13      data=0x01000006 (len=4 B)
[FPGA2] TX #13.3  data=0x02000003
[FPGA2] RX #13      data=0x01000007 (len=4 B)
[FPGA2] TX #13.4  data=0x02000004
[FPGA2] TX #13.5  data=0x02000005
[FPGA2] TX #13.6  data=0x02000006
[FPGA2] RX #13      data=0x01000000 (len=4 B)
[FPGA2] TX #13.7  data=0x02000007
[FPGA2] RX #14      data=0x01000001 (len=4 B)
[FPGA2] RX #14      data=0x01000002 (len=4 B)
[FPGA2] RX #14      data=0x01000003 (len=4 B)
[FPGA2] RX #14      data=0x01000004 (len=4 B)
[FPGA2] TX #14.0  data=0x02000000
[FPGA2] TX #14.1  data=0x02000001
[FPGA2] TX #14.2  data=0x02000002
[FPGA2] RX #14      data=0x01000005 (len=4 B)
[FPGA2] TX #14.3  data=0x02000003
[FPGA2] RX #14      data=0x01000006 (len=4 B)
[FPGA2] TX #14.4  data=0x02000004
[FPGA2] RX #14      data=0x01000007 (len=4 B)
[FPGA2] TX #14.5  data=0x02000005
[FPGA2] TX #14.6  data=0x02000006
[FPGA2] TX #14.7  data=0x02000007
[FPGA2] RX #15      data=0x01000000 (len=4 B)
[FPGA2] RX #15      data=0x01000001 (len=4 B)
[FPGA2] RX #15      data=0x01000002 (len=4 B)
[FPGA2] RX #15      data=0x01000003 (len=4 B)
[FPGA2] RX #15      data=0x01000004 (len=4 B)
[FPGA2] RX #15      data=0x01000005 (len=4 B)
[FPGA2] TX #15.0  data=0x02000000
[FPGA2] TX #15.1  data=0x02000001
[FPGA2] TX #15.2  data=0x02000002
[FPGA2] RX #15      data=0x01000006 (len=4 B)
[FPGA2] TX #15.3  data=0x02000003
[FPGA2] RX #15      data=0x01000007 (len=4 B)
[FPGA2] TX #15.4  data=0x02000004
[FPGA2] TX #15.5  data=0x02000005
[FPGA2] RX #15      data=0x01000000 (len=4 B)
[FPGA2] TX #15.6  data=0x02000006
[FPGA2] TX #15.7  data=0x02000007
[FPGA2] RX #16      data=0x01000001 (len=4 B)
[FPGA2] RX #16      data=0x01000002 (len=4 B)
[FPGA2] RX #16      data=0x01000003 (len=4 B)
[FPGA2] RX #16      data=0x01000004 (len=4 B)
[FPGA2] RX #16      data=0x01000005 (len=4 B)
[FPGA2] RX #16      data=0x01000006 (len=4 B)
[FPGA2] TX #16.0  data=0x02000000
[FPGA2] TX #16.1  data=0x02000001
[FPGA2] TX #16.2  data=0x02000002
[FPGA2] TX #16.3  data=0x02000003
[FPGA2] RX #16      data=0x01000007 (len=4 B)
[FPGA2] TX #16.4  data=0x02000004
[FPGA2] TX #16.5  data=0x02000005
[FPGA2] TX #16.6  data=0x02000006
[FPGA2] RX #16      data=0x01000000 (len=4 B)
[FPGA2] TX #16.7  data=0x02000007
[FPGA2] RX #17      data=0x01000001 (len=4 B)
[FPGA2] RX #17      data=0x01000002 (len=4 B)
[FPGA2] RX #17      data=0x01000003 (len=4 B)
[FPGA2] RX #17      data=0x01000004 (len=4 B)
[FPGA2] TX #17.0  data=0x02000000
[FPGA2] TX #17.1  data=0x02000001
[FPGA2] TX #17.2  data=0x02000002
[FPGA2] RX #17      data=0x01000005 (len=4 B)
[FPGA2] TX #17.3  data=0x02000003
[FPGA2] RX #17      data=0x01000006 (len=4 B)
[FPGA2] TX #17.4  data=0x02000004
[FPGA2] RX #17      data=0x01000007 (len=4 B)
[FPGA2] TX #17.5  data=0x02000005
[FPGA2] TX #17.6  data=0x02000006
[FPGA2] TX #17.7  data=0x02000007
[FPGA2] RX #18      data=0x01000000 (len=4 B)
[FPGA2] RX #18      data=0x01000001 (len=4 B)
[FPGA2] RX #18      data=0x01000002 (len=4 B)
[FPGA2] RX #18      data=0x01000003 (len=4 B)
[FPGA2] RX #18      data=0x01000004 (len=4 B)
[FPGA2] RX #18      data=0x01000005 (len=4 B)
[FPGA2] TX #18.0  data=0x02000000
[FPGA2] TX #18.1  data=0x02000001
[FPGA2] TX #18.2  data=0x02000002
[FPGA2] RX #18      data=0x01000006 (len=4 B)
[FPGA2] TX #18.3  data=0x02000003
[FPGA2] RX #18      data=0x01000007 (len=4 B)
[FPGA2] TX #18.4  data=0x02000004
[FPGA2] TX #18.5  data=0x02000005
[FPGA2] RX #18      data=0x01000000 (len=4 B)
[FPGA2] TX #18.6  data=0x02000006
[FPGA2] TX #18.7  data=0x02000007
[FPGA2] RX #19      data=0x01000001 (len=4 B)
[FPGA2] RX #19      data=0x01000002 (len=4 B)
[FPGA2] RX #19      data=0x01000003 (len=4 B)
[FPGA2] RX #19      data=0x01000004 (len=4 B)
[FPGA2] RX #19      data=0x01000005 (len=4 B)
[FPGA2] TX #19.0  data=0x02000000
[FPGA2] TX #19.1  data=0x02000001
[FPGA2] TX #19.2  data=0x02000002
[FPGA2] RX #19      data=0x01000006 (len=4 B)
[FPGA2] TX #19.3  data=0x02000003
[FPGA2] RX #19      data=0x01000007 (len=4 B)
[FPGA2] TX #19.4  data=0x02000004
[FPGA2] TX #19.5  data=0x02000005
[FPGA2] TX #19.6  data=0x02000006
[FPGA2] TX #19.7  data=0x02000007
[FPGA2] RX #20      data=0x01000000 (len=4 B)
[FPGA2] RX #20      data=0x01000001 (len=4 B)
[FPGA2] RX #20      data=0x01000002 (len=4 B)
[FPGA2] RX #20      data=0x01000003 (len=4 B)
[FPGA2] RX #20      data=0x01000004 (len=4 B)
[FPGA2] RX #20      data=0x01000005 (len=4 B)
[FPGA2] TX #20.0  data=0x02000000
[FPGA2] TX #20.1  data=0x02000001
[FPGA2] TX #20.2  data=0x02000002
[FPGA2] TX #20.3  data=0x02000003
[FPGA2] RX #20      data=0x01000006 (len=4 B)
[FPGA2] TX #20.4  data=0x02000004
[FPGA2] RX #20      data=0x01000007 (len=4 B)
[FPGA2] TX #20.5  data=0x02000005
[FPGA2] TX #20.6  data=0x02000006
[FPGA2] RX #20      data=0x01000000 (len=4 B)
[FPGA2] TX #20.7  data=0x02000007
[FPGA2] RX #21      data=0x01000001 (len=4 B)
[FPGA2] RX #21      data=0x01000002 (len=4 B)
[FPGA2] RX #21      data=0x01000003 (len=4 B)
[FPGA2] RX #21      data=0x01000004 (len=4 B)
[FPGA2] RX #21      data=0x01000005 (len=4 B)
[FPGA2] RX #21      data=0x01000006 (len=4 B)
[FPGA2] TX #21.0  data=0x02000000
[FPGA2] TX #21.1  data=0x02000001
[FPGA2] TX #21.2  data=0x02000002
[FPGA2] TX #21.3  data=0x02000003
[FPGA2] RX #21      data=0x01000007 (len=4 B)
[FPGA2] TX #21.4  data=0x02000004
[FPGA2] TX #21.5  data=0x02000005
[FPGA2] TX #21.6  data=0x02000006
[FPGA2] TX #21.7  data=0x02000007
[FPGA2] RX #22      data=0x01000000 (len=4 B)
[FPGA2] RX #22      data=0x01000001 (len=4 B)
[FPGA2] RX #22      data=0x01000002 (len=4 B)
[FPGA2] RX #22      data=0x01000003 (len=4 B)
[FPGA2] RX #22      data=0x01000004 (len=4 B)
[FPGA2] RX #22      data=0x01000005 (len=4 B)
[FPGA2] RX #22      data=0x01000006 (len=4 B)
[FPGA2] TX #22.0  data=0x02000000
[FPGA2] TX #22.1  data=0x02000001
[FPGA2] TX #22.2  data=0x02000002
[FPGA2] TX #22.3  data=0x02000003
[FPGA2] RX #22      data=0x01000007 (len=4 B)
[FPGA2] TX #22.4  data=0x02000004
[FPGA2] TX #22.5  data=0x02000005
[FPGA2] RX #22      data=0x01000000 (len=4 B)
[FPGA2] TX #22.6  data=0x02000006
[FPGA2] TX #22.7  data=0x02000007
[FPGA2] RX #23      data=0x01000001 (len=4 B)
[FPGA2] RX #23      data=0x01000002 (len=4 B)
[FPGA2] RX #23      data=0x01000003 (len=4 B)
[FPGA2] RX #23      data=0x01000004 (len=4 B)
[FPGA2] RX #23      data=0x01000005 (len=4 B)
[FPGA2] RX #23      data=0x01000006 (len=4 B)
[FPGA2] RX #23      data=0x01000007 (len=4 B)
[FPGA2] TX #23.0  data=0x02000000
[FPGA2] TX #23.1  data=0x02000001
[FPGA2] TX #23.2  data=0x02000002
[FPGA2] TX #23.3  data=0x02000003
[FPGA2] TX #23.4  data=0x02000004
[FPGA2] TX #23.5  data=0x02000005
[FPGA2] RX #23      data=0x01000000 (len=4 B)
[FPGA2] TX #23.6  data=0x02000006
[FPGA2] TX #23.7  data=0x02000007
[FPGA2] RX #24      data=0x01000001 (len=4 B)
[FPGA2] RX #24      data=0x01000002 (len=4 B)
[FPGA2] RX #24      data=0x01000003 (len=4 B)
[FPGA2] RX #24      data=0x01000004 (len=4 B)
[FPGA2] RX #24      data=0x01000005 (len=4 B)
[FPGA2] RX #24      data=0x01000006 (len=4 B)
[FPGA2] RX #24      data=0x01000007 (len=4 B)
[FPGA2] TX #24.0  data=0x02000000
[FPGA2] TX #24.1  data=0x02000001
[FPGA2] TX #24.2  data=0x02000002
[FPGA2] TX #24.3  data=0x02000003
[FPGA2] TX #24.4  data=0x02000004
[FPGA2] TX #24.5  data=0x02000005
[FPGA2] TX #24.6  data=0x02000006
[FPGA2] TX #24.7  data=0x02000007
[FPGA2] RX #25      data=0x01000000 (len=4 B)
[FPGA2] RX #25      data=0x01000001 (len=4 B)
[FPGA2] RX #25      data=0x01000002 (len=4 B)
[FPGA2] RX #25      data=0x01000003 (len=4 B)
[FPGA2] RX #25      data=0x01000004 (len=4 B)
[FPGA2] RX #25      data=0x01000005 (len=4 B)
[FPGA2] RX #25      data=0x01000006 (len=4 B)
[FPGA2] TX #25.0  data=0x02000000
[FPGA2] TX #25.1  data=0x02000001
[FPGA2] TX #25.2  data=0x02000002
[FPGA2] TX #25.3  data=0x02000003
[FPGA2] RX #25      data=0x01000007 (len=4 B)
[FPGA2] TX #25.4  data=0x02000004
[FPGA2] TX #25.5  data=0x02000005
[FPGA2] RX #25      data=0x01000000 (len=4 B)
[FPGA2] TX #25.6  data=0x02000006
[FPGA2] TX #25.7  data=0x02000007
[FPGA2] RX #26      data=0x01000001 (len=4 B)
[FPGA2] RX #26      data=0x01000002 (len=4 B)
[FPGA2] RX #26      data=0x01000003 (len=4 B)
[FPGA2] RX #26      data=0x01000004 (len=4 B)
[FPGA2] RX #26      data=0x01000005 (len=4 B)
[FPGA2] RX #26      data=0x01000006 (len=4 B)
[FPGA2] TX #26.0  data=0x02000000
[FPGA2] TX #26.1  data=0x02000001
[FPGA2] TX #26.2  data=0x02000002
[FPGA2] TX #26.3  data=0x02000003
[FPGA2] RX #26      data=0x01000007 (len=4 B)
[FPGA2] TX #26.4  data=0x02000004
[FPGA2] TX #26.5  data=0x02000005
[FPGA2] RX #26      data=0x01000000 (len=4 B)
[FPGA2] TX #26.6  data=0x02000006
[FPGA2] TX #26.7  data=0x02000007
[FPGA2] RX #27      data=0x01000001 (len=4 B)
[FPGA2] RX #27      data=0x01000002 (len=4 B)
[FPGA2] RX #27      data=0x01000003 (len=4 B)
[FPGA2] RX #27      data=0x01000004 (len=4 B)
[FPGA2] RX #27      data=0x01000005 (len=4 B)
[FPGA2] RX #27      data=0x01000006 (len=4 B)
[FPGA2] TX #27.0  data=0x02000000
[FPGA2] TX #27.1  data=0x02000001
[FPGA2] TX #27.2  data=0x02000002
[FPGA2] TX #27.3  data=0x02000003
[FPGA2] RX #27      data=0x01000007 (len=4 B)
[FPGA2] TX #27.4  data=0x02000004
[FPGA2] TX #27.5  data=0x02000005
[FPGA2] TX #27.6  data=0x02000006
[FPGA2] TX #27.7  data=0x02000007
[FPGA2] RX #28      data=0x01000000 (len=4 B)
[FPGA2] RX #28      data=0x01000001 (len=4 B)
[FPGA2] RX #28      data=0x01000002 (len=4 B)
[FPGA2] RX #28      data=0x01000003 (len=4 B)
[FPGA2] RX #28      data=0x01000004 (len=4 B)
[FPGA2] RX #28      data=0x01000005 (len=4 B)
[FPGA2] TX #28.0  data=0x02000000
[FPGA2] TX #28.1  data=0x02000001
[FPGA2] TX #28.2  data=0x02000002
[FPGA2] TX #28.3  data=0x02000003
[FPGA2] RX #28      data=0x01000006 (len=4 B)
[FPGA2] TX #28.4  data=0x02000004
[FPGA2] RX #28      data=0x01000007 (len=4 B)
[FPGA2] TX #28.5  data=0x02000005
[FPGA2] TX #28.6  data=0x02000006
[FPGA2] RX #28      data=0x01000000 (len=4 B)
[FPGA2] TX #28.7  data=0x02000007
[FPGA2] RX #29      data=0x01000001 (len=4 B)
[FPGA2] RX #29      data=0x01000002 (len=4 B)
[FPGA2] RX #29      data=0x01000003 (len=4 B)
[FPGA2] RX #29      data=0x01000004 (len=4 B)
[FPGA2] RX #29      data=0x01000005 (len=4 B)
[FPGA2] RX #29      data=0x01000006 (len=4 B)
[FPGA2] TX #29.0  data=0x02000000
[FPGA2] TX #29.1  data=0x02000001
[FPGA2] TX #29.2  data=0x02000002
[FPGA2] TX #29.3  data=0x02000003
[FPGA2] RX #29      data=0x01000007 (len=4 B)
[FPGA2] TX #29.4  data=0x02000004
[FPGA2] TX #29.5  data=0x02000005
[FPGA2] TX #29.6  data=0x02000006
[FPGA2] TX #29.7  data=0x02000007
[FPGA2] RX #30      data=0x01000000 (len=4 B)
[FPGA2] RX #30      data=0x01000001 (len=4 B)
[FPGA2] RX #30      data=0x01000002 (len=4 B)
[FPGA2] RX #30      data=0x01000003 (len=4 B)
[FPGA2] RX #30      data=0x01000004 (len=4 B)
[FPGA2] RX #30      data=0x01000005 (len=4 B)
[FPGA2] TX #30.0  data=0x02000000
[FPGA2] TX #30.1  data=0x02000001
[FPGA2] TX #30.2  data=0x02000002
[FPGA2] TX #30.3  data=0x02000003
[FPGA2] RX #30      data=0x01000006 (len=4 B)
[FPGA2] TX #30.4  data=0x02000004
[FPGA2] RX #30      data=0x01000007 (len=4 B)
[FPGA2] TX #30.5  data=0x02000005
[FPGA2] TX #30.6  data=0x02000006
[FPGA2] RX #30      data=0x01000000 (len=4 B)
[FPGA2] TX #30.7  data=0x02000007
[FPGA2] RX #31      data=0x01000001 (len=4 B)
[FPGA2] RX #31      data=0x01000002 (len=4 B)
[FPGA2] RX #31      data=0x01000003 (len=4 B)
[FPGA2] RX #31      data=0x01000004 (len=4 B)
[FPGA2] RX #31      data=0x01000005 (len=4 B)
[FPGA2] RX #31      data=0x01000006 (len=4 B)
[FPGA2] RX #31      data=0x01000007 (len=4 B)
[FPGA2] TX #31.0  data=0x02000000
[FPGA2] TX #31.1  data=0x02000001
[FPGA2] TX #31.2  data=0x02000002
[FPGA2] TX #31.3  data=0x02000003
[FPGA2] TX #31.4  data=0x02000004
[FPGA2] TX #31.5  data=0x02000005
[FPGA2] TX #31.6  data=0x02000006
[FPGA2] TX #31.7  data=0x02000007
[FPGA2] RX #32      data=0x01000000 (len=4 B)
[FPGA2] RX #32      data=0x01000001 (len=4 B)
[FPGA2] RX #32      data=0x01000002 (len=4 B)
[FPGA2] RX #32      data=0x01000003 (len=4 B)
[FPGA2] RX #32      data=0x01000004 (len=4 B)
[FPGA2] RX #32      data=0x01000005 (len=4 B)
[FPGA2] RX #32      data=0x01000006 (len=4 B)
[FPGA2] TX #32.0  data=0x02000000
[FPGA2] TX #32.1  data=0x02000001
[FPGA2] TX #32.2  data=0x02000002
[FPGA2] TX #32.3  data=0x02000003
[FPGA2] RX #32      data=0x01000007 (len=4 B)
[FPGA2] TX #32.4  data=0x02000004
[FPGA2] TX #32.5  data=0x02000005
[FPGA2] RX #32      data=0x01000000 (len=4 B)
[FPGA2] TX #32.6  data=0x02000006
[FPGA2] TX #32.7  data=0x02000007
[FPGA2] RX #33      data=0x01000001 (len=4 B)
[FPGA2] RX #33      data=0x01000002 (len=4 B)
[FPGA2] RX #33      data=0x01000003 (len=4 B)
[FPGA2] RX #33      data=0x01000004 (len=4 B)
[FPGA2] RX #33      data=0x01000005 (len=4 B)
[FPGA2] RX #33      data=0x01000006 (len=4 B)
[FPGA2] TX #33.0  data=0x02000000
[FPGA2] TX #33.1  data=0x02000001
[FPGA2] TX #33.2  data=0x02000002
[FPGA2] TX #33.3  data=0x02000003
[FPGA2] RX #33      data=0x01000007 (len=4 B)
[FPGA2] TX #33.4  data=0x02000004
[FPGA2] TX #33.5  data=0x02000005
[FPGA2] TX #33.6  data=0x02000006
[FPGA2] TX #33.7  data=0x02000007
[FPGA2] RX #34      data=0x01000000 (len=4 B)
[FPGA2] RX #34      data=0x01000001 (len=4 B)
[FPGA2] RX #34      data=0x01000002 (len=4 B)
[FPGA2] RX #34      data=0x01000003 (len=4 B)
[FPGA2] RX #34      data=0x01000004 (len=4 B)
[FPGA2] RX #34      data=0x01000005 (len=4 B)
[FPGA2] TX #34.0  data=0x02000000
[FPGA2] TX #34.1  data=0x02000001
[FPGA2] TX #34.2  data=0x02000002
[FPGA2] RX #34      data=0x01000006 (len=4 B)
[FPGA2] TX #34.3  data=0x02000003
[FPGA2] RX #34      data=0x01000007 (len=4 B)
[FPGA2] TX #34.4  data=0x02000004
[FPGA2] TX #34.5  data=0x02000005
[FPGA2] TX #34.6  data=0x02000006
[FPGA2] RX #34      data=0x01000000 (len=4 B)
[FPGA2] TX #34.7  data=0x02000007
[FPGA2] RX #35      data=0x01000001 (len=4 B)
[FPGA2] RX #35      data=0x01000002 (len=4 B)
[FPGA2] RX #35      data=0x01000003 (len=4 B)
[FPGA2] RX #35      data=0x01000004 (len=4 B)
[FPGA2] RX #35      data=0x01000005 (len=4 B)
[FPGA2] RX #35      data=0x01000006 (len=4 B)
[FPGA2] TX #35.0  data=0x02000000
[FPGA2] TX #35.1  data=0x02000001
[FPGA2] TX #35.2  data=0x02000002
[FPGA2] TX #35.3  data=0x02000003
[FPGA2] RX #35      data=0x01000007 (len=4 B)
[FPGA2] TX #35.4  data=0x02000004
[FPGA2] TX #35.5  data=0x02000005
[FPGA2] TX #35.6  data=0x02000006
[FPGA2] TX #35.7  data=0x02000007
[FPGA2] RX #36      data=0x01000000 (len=4 B)
[FPGA2] RX #36      data=0x01000001 (len=4 B)
[FPGA2] RX #36      data=0x01000002 (len=4 B)
[FPGA2] RX #36      data=0x01000003 (len=4 B)
[FPGA2] RX #36      data=0x01000004 (len=4 B)
[FPGA2] RX #36      data=0x01000005 (len=4 B)
[FPGA2] RX #36      data=0x01000006 (len=4 B)
[FPGA2] TX #36.0  data=0x02000000
[FPGA2] TX #36.1  data=0x02000001
[FPGA2] TX #36.2  data=0x02000002
[FPGA2] TX #36.3  data=0x02000003
[FPGA2] RX #36      data=0x01000007 (len=4 B)
[FPGA2] TX #36.4  data=0x02000004
[FPGA2] TX #36.5  data=0x02000005
[FPGA2] TX #36.6  data=0x02000006
[FPGA2] TX #36.7  data=0x02000007
[FPGA2] RX #37      data=0x01000000 (len=4 B)
[FPGA2] RX #37      data=0x01000001 (len=4 B)
[FPGA2] RX #37      data=0x01000002 (len=4 B)
[FPGA2] RX #37      data=0x01000003 (len=4 B)
[FPGA2] RX #37      data=0x01000004 (len=4 B)
[FPGA2] RX #37      data=0x01000005 (len=4 B)
[FPGA2] TX #37.0  data=0x02000000
[FPGA2] TX #37.1  data=0x02000001
[FPGA2] TX #37.2  data=0x02000002
[FPGA2] TX #37.3  data=0x02000003
[FPGA2] RX #37      data=0x01000006 (len=4 B)
[FPGA2] TX #37.4  data=0x02000004
[FPGA2] RX #37      data=0x01000007 (len=4 B)
[FPGA2] TX #37.5  data=0x02000005
[FPGA2] RX #37      data=0x01000000 (len=4 B)
[FPGA2] TX #37.6  data=0x02000006
[FPGA2] RX #37      data=0x01000001 (len=4 B)
[FPGA2] TX #37.7  data=0x02000007
[FPGA2] RX #38      data=0x01000002 (len=4 B)
[FPGA2] RX #38      data=0x01000003 (len=4 B)
[FPGA2] RX #38      data=0x01000004 (len=4 B)
[FPGA2] RX #38      data=0x01000005 (len=4 B)
[FPGA2] RX #38      data=0x01000006 (len=4 B)
[FPGA2] RX #38      data=0x01000007 (len=4 B)
[FPGA2] TX #38.0  data=0x02000000
[FPGA2] TX #38.1  data=0x02000001
[FPGA2] TX #38.2  data=0x02000002
[FPGA2] TX #38.3  data=0x02000003
[FPGA2] TX #38.4  data=0x02000004
[FPGA2] TX #38.5  data=0x02000005
[FPGA2] RX #38      data=0x01000000 (len=4 B)
[FPGA2] TX #38.6  data=0x02000006
[FPGA2] RX #38      data=0x01000001 (len=4 B)
[FPGA2] TX #38.7  data=0x02000007
[FPGA2] RX #39      data=0x01000002 (len=4 B)
[FPGA2] RX #39      data=0x01000003 (len=4 B)
[FPGA2] RX #39      data=0x01000004 (len=4 B)
[FPGA2] RX #39      data=0x01000005 (len=4 B)
[FPGA2] RX #39      data=0x01000006 (len=4 B)
[FPGA2] RX #39      data=0x01000007 (len=4 B)
[FPGA2] TX #39.0  data=0x02000000
[FPGA2] TX #39.1  data=0x02000001
[FPGA2] TX #39.2  data=0x02000002
[FPGA2] TX #39.3  data=0x02000003
[FPGA2] RX #39      data=0x01000000 (len=4 B)
[FPGA2] TX #39.4  data=0x02000004
[FPGA2] TX #39.5  data=0x02000005
[FPGA2] TX #39.6  data=0x02000006
[FPGA2] RX #39      data=0x01000001 (len=4 B)
[FPGA2] TX #39.7  data=0x02000007
[FPGA2] RX #40      data=0x01000002 (len=4 B)
[FPGA2] RX #40      data=0x01000003 (len=4 B)
[FPGA2] RX #40      data=0x01000004 (len=4 B)
[FPGA2] RX #40      data=0x01000005 (len=4 B)
[FPGA2] RX #40      data=0x01000006 (len=4 B)
[FPGA2] RX #40      data=0x01000007 (len=4 B)
[FPGA2] TX #40.0  data=0x02000000
[FPGA2] TX #40.1  data=0x02000001
[FPGA2] TX #40.2  data=0x02000002
[FPGA2] TX #40.3  data=0x02000003
[FPGA2] TX #40.4  data=0x02000004
[FPGA2] TX #40.5  data=0x02000005
[FPGA2] RX #40      data=0x01000000 (len=4 B)
[FPGA2] TX #40.6  data=0x02000006
[FPGA2] RX #40      data=0x01000001 (len=4 B)
[FPGA2] TX #40.7  data=0x02000007
[FPGA2] RX #41      data=0x01000002 (len=4 B)
[FPGA2] RX #41      data=0x01000003 (len=4 B)
[FPGA2] RX #41      data=0x01000004 (len=4 B)
[FPGA2] RX #41      data=0x01000005 (len=4 B)
[FPGA2] RX #41      data=0x01000006 (len=4 B)
[FPGA2] RX #41      data=0x01000007 (len=4 B)
[FPGA2] TX #41.0  data=0x02000000
[FPGA2] TX #41.1  data=0x02000001
[FPGA2] TX #41.2  data=0x02000002
[FPGA2] TX #41.3  data=0x02000003
[FPGA2] RX #41      data=0x01000000 (len=4 B)
[FPGA2] TX #41.4  data=0x02000004
[FPGA2] TX #41.5  data=0x02000005
[FPGA2] TX #41.6  data=0x02000006
[FPGA2] RX #41      data=0x01000001 (len=4 B)
[FPGA2] TX #41.7  data=0x02000007
[FPGA2] RX #42      data=0x01000002 (len=4 B)
[FPGA2] RX #42      data=0x01000003 (len=4 B)
[FPGA2] RX #42      data=0x01000004 (len=4 B)
[FPGA2] RX #42      data=0x01000005 (len=4 B)
[FPGA2] RX #42      data=0x01000006 (len=4 B)
[FPGA2] RX #42      data=0x01000007 (len=4 B)
[FPGA2] TX #42.0  data=0x02000000
[FPGA2] TX #42.1  data=0x02000001
[FPGA2] TX #42.2  data=0x02000002
[FPGA2] TX #42.3  data=0x02000003
[FPGA2] TX #42.4  data=0x02000004
[FPGA2] TX #42.5  data=0x02000005
[FPGA2] RX #42      data=0x01000000 (len=4 B)
[FPGA2] TX #42.6  data=0x02000006
[FPGA2] RX #42      data=0x01000001 (len=4 B)
[FPGA2] TX #42.7  data=0x02000007
[FPGA2] RX #43      data=0x01000002 (len=4 B)
[FPGA2] RX #43      data=0x01000003 (len=4 B)
[FPGA2] RX #43      data=0x01000004 (len=4 B)
[FPGA2] RX #43      data=0x01000005 (len=4 B)
[FPGA2] RX #43      data=0x01000006 (len=4 B)
[FPGA2] RX #43      data=0x01000007 (len=4 B)
[FPGA2] TX #43.0  data=0x02000000
[FPGA2] TX #43.1  data=0x02000001
[FPGA2] TX #43.2  data=0x02000002
[FPGA2] TX #43.3  data=0x02000003
[FPGA2] RX #43      data=0x01000000 (len=4 B)
[FPGA2] TX #43.4  data=0x02000004
[FPGA2] TX #43.5  data=0x02000005
[FPGA2] RX #43      data=0x01000001 (len=4 B)
[FPGA2] TX #43.6  data=0x02000006
[FPGA2] RX #43      data=0x01000002 (len=4 B)
[FPGA2] TX #43.7  data=0x02000007
[FPGA2] RX #44      data=0x01000003 (len=4 B)
[FPGA2] RX #44      data=0x01000004 (len=4 B)
[FPGA2] RX #44      data=0x01000005 (len=4 B)
[FPGA2] RX #44      data=0x01000006 (len=4 B)
[FPGA2] RX #44      data=0x01000007 (len=4 B)
[FPGA2] TX #44.0  data=0x02000000
[FPGA2] TX #44.1  data=0x02000001
[FPGA2] TX #44.2  data=0x02000002
[FPGA2] TX #44.3  data=0x02000003
[FPGA2] RX #44      data=0x01000000 (len=4 B)
[FPGA2] TX #44.4  data=0x02000004
[FPGA2] TX #44.5  data=0x02000005
[FPGA2] RX #44      data=0x01000001 (len=4 B)
[FPGA2] TX #44.6  data=0x02000006
[FPGA2] TX #44.7  data=0x02000007
[FPGA2] RX #45      data=0x01000002 (len=4 B)
[FPGA2] RX #45      data=0x01000003 (len=4 B)
[FPGA2] RX #45      data=0x01000004 (len=4 B)
[FPGA2] RX #45      data=0x01000005 (len=4 B)
[FPGA2] RX #45      data=0x01000006 (len=4 B)
[FPGA2] TX #45.0  data=0x02000000
[FPGA2] TX #45.1  data=0x02000001
[FPGA2] TX #45.2  data=0x02000002
[FPGA2] TX #45.3  data=0x02000003
[FPGA2] TX #45.4  data=0x02000004
[FPGA2] TX #45.5  data=0x02000005
[FPGA2] TX #45.6  data=0x02000006
[FPGA2] TX #45.7  data=0x02000007
[FPGA2] RX #46      data=0x01000007 (len=4 B)
[FPGA2] RX #46      data=0x01000000 (len=4 B)
[FPGA2] RX #46      data=0x01000001 (len=4 B)
[FPGA2] RX #46      data=0x01000002 (len=4 B)
[FPGA2] RX #46      data=0x01000003 (len=4 B)
[FPGA2] RX #46      data=0x01000004 (len=4 B)
[FPGA2] RX #46      data=0x01000005 (len=4 B)
[FPGA2] RX #46      data=0x01000006 (len=4 B)
[FPGA2] RX #46      data=0x01000007 (len=4 B)
[FPGA2] TX #46.0  data=0x02000000
[FPGA2] TX #46.1  data=0x02000001
[FPGA2] TX #46.2  data=0x02000002
[FPGA2] TX #46.3  data=0x02000003
[FPGA2] TX #46.4  data=0x02000004
[FPGA2] TX #46.5  data=0x02000005
[FPGA2] RX #46      data=0x01000000 (len=4 B)
[FPGA2] TX #46.6  data=0x02000006
[FPGA2] TX #46.7  data=0x02000007
[FPGA2] RX #47      data=0x01000001 (len=4 B)
[FPGA2] RX #47      data=0x01000002 (len=4 B)
[FPGA2] RX #47      data=0x01000003 (len=4 B)
[FPGA2] RX #47      data=0x01000004 (len=4 B)
[FPGA2] TX #47.0  data=0x02000000
[FPGA2] TX #47.1  data=0x02000001
[FPGA2] TX #47.2  data=0x02000002
[FPGA2] TX #47.3  data=0x02000003
[FPGA2] TX #47.4  data=0x02000004
[FPGA2] TX #47.5  data=0x02000005
[FPGA2] TX #47.6  data=0x02000006
[FPGA2] RX #47      data=0x01000005 (len=4 B)
[FPGA2] TX #47.7  data=0x02000007
[FPGA2] RX #48      data=0x01000006 (len=4 B)
[FPGA2] RX #48      data=0x01000007 (len=4 B)
[FPGA2] RX #48      data=0x01000000 (len=4 B)
[FPGA2] RX #48      data=0x01000001 (len=4 B)
[FPGA2] RX #48      data=0x01000002 (len=4 B)
[FPGA2] RX #48      data=0x01000003 (len=4 B)
[FPGA2] RX #48      data=0x01000004 (len=4 B)
[FPGA2] RX #48      data=0x01000005 (len=4 B)
[FPGA2] RX #48      data=0x01000006 (len=4 B)
[FPGA2] RX #48      data=0x01000007 (len=4 B)
[FPGA2] TX #48.0  data=0x02000000
[FPGA2] TX #48.1  data=0x02000001
[FPGA2] TX #48.2  data=0x02000002
[FPGA2] TX #48.3  data=0x02000003
[FPGA2] TX #48.4  data=0x02000004
[FPGA2] RX #48      data=0x01000000 (len=4 B)
[FPGA2] TX #48.5  data=0x02000005
[FPGA2] RX #48      data=0x01000001 (len=4 B)
[FPGA2] TX #48.6  data=0x02000006
[FPGA2] RX #48      data=0x01000002 (len=4 B)
[FPGA2] TX #48.7  data=0x02000007
[FPGA2] RX #49      data=0x01000003 (len=4 B)
[FPGA2] RX #49      data=0x01000004 (len=4 B)
[FPGA2] RX #49      data=0x01000005 (len=4 B)
[FPGA2] RX #49      data=0x01000006 (len=4 B)
[FPGA2] RX #49      data=0x01000007 (len=4 B)
[FPGA2] TX #49.0  data=0x02000000
[FPGA2] TX #49.1  data=0x02000001
[FPGA2] TX #49.2  data=0x02000002
[FPGA2] TX #49.3  data=0x02000003
[FPGA2] TX #49.4  data=0x02000004
[FPGA2] TX #49.5  data=0x02000005
[FPGA2] RX #49      data=0x01000000 (len=4 B)
[FPGA2] TX #49.6  data=0x02000006
[FPGA2] RX #49      data=0x01000001 (len=4 B)
[FPGA2] TX #49.7  data=0x02000007
[FPGA2] RX #50      data=0x01000002 (len=4 B)
[FPGA2] RX #50      data=0x01000003 (len=4 B)
[FPGA2] RX #50      data=0x01000004 (len=4 B)
[FPGA2] RX #50      data=0x01000005 (len=4 B)
[FPGA2] RX #50      data=0x01000006 (len=4 B)
[FPGA2] RX #50      data=0x01000007 (len=4 B)
[FPGA2] TX #50.0  data=0x02000000
[FPGA2] TX #50.1  data=0x02000001
[FPGA2] TX #50.2  data=0x02000002
[FPGA2] TX #50.3  data=0x02000003
[FPGA2] TX #50.4  data=0x02000004
[FPGA2] TX #50.5  data=0x02000005
[FPGA2] TX #50.6  data=0x02000006
[FPGA2] TX #50.7  data=0x02000007
[FPGA2] RX #51      data=0x01000000 (len=4 B)
[FPGA2] RX #51      data=0x01000001 (len=4 B)
[FPGA2] RX #51      data=0x01000002 (len=4 B)
[FPGA2] RX #51      data=0x01000003 (len=4 B)
[FPGA2] RX #51      data=0x01000004 (len=4 B)
[FPGA2] RX #51      data=0x01000005 (len=4 B)
[FPGA2] TX #51.0  data=0x02000000
[FPGA2] TX #51.1  data=0x02000001
[FPGA2] TX #51.2  data=0x02000002
[FPGA2] RX #51      data=0x01000006 (len=4 B)
[FPGA2] TX #51.3  data=0x02000003
[FPGA2] RX #51      data=0x01000007 (len=4 B)
[FPGA2] TX #51.4  data=0x02000004
[FPGA2] RX #51      data=0x01000000 (len=4 B)
[FPGA2] TX #51.5  data=0x02000005
[FPGA2] TX #51.6  data=0x02000006
[FPGA2] RX #51      data=0x01000001 (len=4 B)
[FPGA2] TX #51.7  data=0x02000007
[FPGA2] RX #52      data=0x01000002 (len=4 B)
[FPGA2] RX #52      data=0x01000003 (len=4 B)
[FPGA2] RX #52      data=0x01000004 (len=4 B)
[FPGA2] RX #52      data=0x01000005 (len=4 B)
[FPGA2] RX #52      data=0x01000006 (len=4 B)
[FPGA2] RX #52      data=0x01000007 (len=4 B)
[FPGA2] TX #52.0  data=0x02000000
[FPGA2] TX #52.1  data=0x02000001
[FPGA2] TX #52.2  data=0x02000002
[FPGA2] TX #52.3  data=0x02000003
[FPGA2] TX #52.4  data=0x02000004
[FPGA2] RX #52      data=0x01000000 (len=4 B)
[FPGA2] TX #52.5  data=0x02000005
[FPGA2] RX #52      data=0x01000001 (len=4 B)
[FPGA2] TX #52.6  data=0x02000006
[FPGA2] RX #52      data=0x01000002 (len=4 B)
[FPGA2] TX #52.7  data=0x02000007
[FPGA2] RX #53      data=0x01000003 (len=4 B)
[FPGA2] RX #53      data=0x01000004 (len=4 B)
[FPGA2] RX #53      data=0x01000005 (len=4 B)
[FPGA2] RX #53      data=0x01000006 (len=4 B)
[FPGA2] RX #53      data=0x01000007 (len=4 B)
[FPGA2] RX #53      data=0x01000000 (len=4 B)
[FPGA2] TX #53.0  data=0x02000000
[FPGA2] TX #53.1  data=0x02000001
[FPGA2] TX #53.2  data=0x02000002
[FPGA2] TX #53.3  data=0x02000003
[FPGA2] RX #53      data=0x01000001 (len=4 B)
[FPGA2] TX #53.4  data=0x02000004
[FPGA2] RX #53      data=0x01000002 (len=4 B)
[FPGA2] TX #53.5  data=0x02000005
[FPGA2] RX #53      data=0x01000003 (len=4 B)
[FPGA2] TX #53.6  data=0x02000006
[FPGA2] RX #53      data=0x01000004 (len=4 B)
[FPGA2] TX #53.7  data=0x02000007
[FPGA2] RX #54      data=0x01000005 (len=4 B)
[FPGA2] RX #54      data=0x01000006 (len=4 B)
[FPGA2] RX #54      data=0x01000007 (len=4 B)
[FPGA2] RX #54      data=0x01000000 (len=4 B)
[FPGA2] TX #54.0  data=0x02000000
[FPGA2] TX #54.1  data=0x02000001
[FPGA2] TX #54.2  data=0x02000002
[FPGA2] TX #54.3  data=0x02000003
[FPGA2] RX #54      data=0x01000001 (len=4 B)
[FPGA2] TX #54.4  data=0x02000004
[FPGA2] RX #54      data=0x01000002 (len=4 B)
[FPGA2] TX #54.5  data=0x02000005
[FPGA2] RX #54      data=0x01000003 (len=4 B)
[FPGA2] TX #54.6  data=0x02000006
[FPGA2] RX #54      data=0x01000004 (len=4 B)
[FPGA2] TX #54.7  data=0x02000007
[FPGA2] RX #55      data=0x01000005 (len=4 B)
[FPGA2] RX #55      data=0x01000006 (len=4 B)
[FPGA2] RX #55      data=0x01000007 (len=4 B)
[FPGA2] TX #55.0  data=0x02000000
[FPGA2] TX #55.1  data=0x02000001
[FPGA2] TX #55.2  data=0x02000002
[FPGA2] TX #55.3  data=0x02000003
[FPGA2] RX #55      data=0x01000000 (len=4 B)
[FPGA2] TX #55.4  data=0x02000004
[FPGA2] RX #55      data=0x01000001 (len=4 B)
[FPGA2] TX #55.5  data=0x02000005
[FPGA2] RX #55      data=0x01000002 (len=4 B)
[FPGA2] TX #55.6  data=0x02000006
[FPGA2] RX #55      data=0x01000003 (len=4 B)
[FPGA2] TX #55.7  data=0x02000007
[FPGA2] RX #56      data=0x01000004 (len=4 B)
[FPGA2] RX #56      data=0x01000005 (len=4 B)
[FPGA2] RX #56      data=0x01000006 (len=4 B)
[FPGA2] RX #56      data=0x01000007 (len=4 B)
[FPGA2] RX #56      data=0x01000000 (len=4 B)
[FPGA2] TX #56.0  data=0x02000000
[FPGA2] TX #56.1  data=0x02000001
[FPGA2] TX #56.2  data=0x02000002
[FPGA2] TX #56.3  data=0x02000003
[FPGA2] RX #56      data=0x01000001 (len=4 B)
[FPGA2] TX #56.4  data=0x02000004
[FPGA2] RX #56      data=0x01000002 (len=4 B)
[FPGA2] TX #56.5  data=0x02000005
[FPGA2] RX #56      data=0x01000003 (len=4 B)
[FPGA2] TX #56.6  data=0x02000006
[FPGA2] RX #56      data=0x01000004 (len=4 B)
[FPGA2] TX #56.7  data=0x02000007
[FPGA2] RX #57      data=0x01000005 (len=4 B)
[FPGA2] RX #57      data=0x01000006 (len=4 B)
[FPGA2] RX #57      data=0x01000007 (len=4 B)
[FPGA2] TX #57.0  data=0x02000000
[FPGA2] TX #57.1  data=0x02000001
[FPGA2] TX #57.2  data=0x02000002
[FPGA2] TX #57.3  data=0x02000003
[FPGA2] TX #57.4  data=0x02000004
[FPGA2] TX #57.5  data=0x02000005
[FPGA2] RX #57      data=0x01000000 (len=4 B)
[FPGA2] TX #57.6  data=0x02000006
[FPGA2] RX #57      data=0x01000001 (len=4 B)
[FPGA2] TX #57.7  data=0x02000007
[FPGA2] RX #58      data=0x01000002 (len=4 B)
[FPGA2] RX #58      data=0x01000003 (len=4 B)
[FPGA2] RX #58      data=0x01000004 (len=4 B)
[FPGA2] RX #58      data=0x01000005 (len=4 B)
[FPGA2] RX #58      data=0x01000006 (len=4 B)
[FPGA2] RX #58      data=0x01000007 (len=4 B)
[FPGA2] TX #58.0  data=0x02000000
[FPGA2] TX #58.1  data=0x02000001
[FPGA2] TX #58.2  data=0x02000002
[FPGA2] TX #58.3  data=0x02000003
[FPGA2] TX #58.4  data=0x02000004
[FPGA2] TX #58.5  data=0x02000005
[FPGA2] TX #58.6  data=0x02000006
[FPGA2] TX #58.7  data=0x02000007
[FPGA2] RX #59      data=0x01000000 (len=4 B)
[FPGA2] RX #59      data=0x01000001 (len=4 B)
[FPGA2] RX #59      data=0x01000002 (len=4 B)
[FPGA2] RX #59      data=0x01000003 (len=4 B)
[FPGA2] RX #59      data=0x01000004 (len=4 B)
[FPGA2] RX #59      data=0x01000005 (len=4 B)
[FPGA2] TX #59.0  data=0x02000000
[FPGA2] TX #59.1  data=0x02000001
[FPGA2] TX #59.2  data=0x02000002
[FPGA2] RX #59      data=0x01000006 (len=4 B)
[FPGA2] TX #59.3  data=0x02000003
[FPGA2] RX #59      data=0x01000007 (len=4 B)
[FPGA2] TX #59.4  data=0x02000004
[FPGA2] RX #59      data=0x01000000 (len=4 B)
[FPGA2] TX #59.5  data=0x02000005
[FPGA2] RX #59      data=0x01000001 (len=4 B)
[FPGA2] TX #59.6  data=0x02000006
[FPGA2] TX #59.7  data=0x02000007
[FPGA2] RX #60      data=0x01000002 (len=4 B)
[FPGA2] RX #60      data=0x01000003 (len=4 B)
[FPGA2] RX #60      data=0x01000004 (len=4 B)
[FPGA2] RX #60      data=0x01000005 (len=4 B)
[FPGA2] RX #60      data=0x01000006 (len=4 B)
[FPGA2] RX #60      data=0x01000007 (len=4 B)
[FPGA2] TX #60.0  data=0x02000000
[FPGA2] TX #60.1  data=0x02000001
[FPGA2] TX #60.2  data=0x02000002
[FPGA2] TX #60.3  data=0x02000003
[FPGA2] RX #60      data=0x01000000 (len=4 B)
[FPGA2] TX #60.4  data=0x02000004
[FPGA2] RX #60      data=0x01000001 (len=4 B)
[FPGA2] TX #60.5  data=0x02000005
[FPGA2] RX #60      data=0x01000002 (len=4 B)
[FPGA2] TX #60.6  data=0x02000006
[FPGA2] RX #60      data=0x01000003 (len=4 B)
[FPGA2] TX #60.7  data=0x02000007
[FPGA2] RX #61      data=0x01000004 (len=4 B)
[FPGA2] RX #61      data=0x01000005 (len=4 B)
[FPGA2] RX #61      data=0x01000006 (len=4 B)
[FPGA2] RX #61      data=0x01000007 (len=4 B)
[FPGA2] RX #61      data=0x01000000 (len=4 B)
[FPGA2] TX #61.0  data=0x02000000
[FPGA2] TX #61.1  data=0x02000001
[FPGA2] TX #61.2  data=0x02000002
[FPGA2] TX #61.3  data=0x02000003
[FPGA2] RX #61      data=0x01000001 (len=4 B)
[FPGA2] TX #61.4  data=0x02000004
[FPGA2] RX #61      data=0x01000002 (len=4 B)
[FPGA2] TX #61.5  data=0x02000005
[FPGA2] RX #61      data=0x01000003 (len=4 B)
[FPGA2] TX #61.6  data=0x02000006
[FPGA2] RX #61      data=0x01000004 (len=4 B)
[FPGA2] TX #61.7  data=0x02000007
[FPGA2] RX #62      data=0x01000005 (len=4 B)
[FPGA2] RX #62      data=0x01000006 (len=4 B)
[FPGA2] RX #62      data=0x01000007 (len=4 B)
[FPGA2] TX #62.0  data=0x02000000
[FPGA2] TX #62.1  data=0x02000001
[FPGA2] TX #62.2  data=0x02000002
[FPGA2] TX #62.3  data=0x02000003
[FPGA2] TX #62.4  data=0x02000004
[FPGA2] TX #62.5  data=0x02000005
[FPGA2] RX #62      data=0x01000000 (len=4 B)
[FPGA2] TX #62.6  data=0x02000006
[FPGA2] RX #62      data=0x01000001 (len=4 B)
[FPGA2] TX #62.7  data=0x02000007
[FPGA2] RX #63      data=0x01000002 (len=4 B)
[FPGA2] RX #63      data=0x01000003 (len=4 B)
[FPGA2] RX #63      data=0x01000004 (len=4 B)
[FPGA2] RX #63      data=0x01000005 (len=4 B)
[FPGA2] RX #63      data=0x01000006 (len=4 B)
[FPGA2] RX #63      data=0x01000007 (len=4 B)
[FPGA2] TX #63.0  data=0x02000000
[FPGA2] TX #63.1  data=0x02000001
[FPGA2] TX #63.2  data=0x02000002
[FPGA2] TX #63.3  data=0x02000003
[FPGA2] RX #63      data=0x01000000 (len=4 B)
[FPGA2] TX #63.4  data=0x02000004
[FPGA2] TX #63.5  data=0x02000005
[FPGA2] RX #63      data=0x01000001 (len=4 B)
[FPGA2] TX #63.6  data=0x02000006
[FPGA2] RX #63      data=0x01000002 (len=4 B)
[FPGA2] TX #63.7  data=0x02000007
[FPGA2] RX #64      data=0x01000003 (len=4 B)
[FPGA2] RX #64      data=0x01000004 (len=4 B)
[FPGA2] RX #64      data=0x01000005 (len=4 B)
[FPGA2] RX #64      data=0x01000006 (len=4 B)
[FPGA2] RX #64      data=0x01000007 (len=4 B)
[FPGA2] TX #64.0  data=0x02000000
[FPGA2] TX #64.1  data=0x02000001
[FPGA2] TX #64.2  data=0x02000002
[FPGA2] TX #64.3  data=0x02000003
[FPGA2] TX #64.4  data=0x02000004
[FPGA2] TX #64.5  data=0x02000005
[FPGA2] TX #64.6  data=0x02000006
[FPGA2] TX #64.7  data=0x02000007
[FPGA2] RX #65      data=0x01000000 (len=4 B)
[FPGA2] RX #65      data=0x01000001 (len=4 B)
[FPGA2] RX #65      data=0x01000002 (len=4 B)
[FPGA2] RX #65      data=0x01000003 (len=4 B)
[FPGA2] RX #65      data=0x01000004 (len=4 B)
[FPGA2] RX #65      data=0x01000005 (len=4 B)
[FPGA2] RX #65      data=0x01000006 (len=4 B)
[FPGA2] TX #65.0  data=0x02000000
[FPGA2] TX #65.1  data=0x02000001
[FPGA2] TX #65.2  data=0x02000002
[FPGA2] TX #65.3  data=0x02000003
[FPGA2] RX #65      data=0x01000007 (len=4 B)
[FPGA2] TX #65.4  data=0x02000004
[FPGA2] RX #65      data=0x01000000 (len=4 B)
[FPGA2] TX #65.5  data=0x02000005
[FPGA2] RX #65      data=0x01000001 (len=4 B)
[FPGA2] TX #65.6  data=0x02000006
[FPGA2] RX #65      data=0x01000002 (len=4 B)
[FPGA2] TX #65.7  data=0x02000007
[FPGA2] RX #66      data=0x01000003 (len=4 B)
[FPGA2] RX #66      data=0x01000004 (len=4 B)
[FPGA2] RX #66      data=0x01000005 (len=4 B)
[FPGA2] RX #66      data=0x01000006 (len=4 B)
[FPGA2] RX #66      data=0x01000007 (len=4 B)
[FPGA2] TX #66.0  data=0x02000000
[FPGA2] TX #66.1  data=0x02000001
[FPGA2] TX #66.2  data=0x02000002
[FPGA2] TX #66.3  data=0x02000003
[FPGA2] TX #66.4  data=0x02000004
[FPGA2] TX #66.5  data=0x02000005
[FPGA2] TX #66.6  data=0x02000006
[FPGA2] RX #66      data=0x01000000 (len=4 B)
[FPGA2] TX #66.7  data=0x02000007
[FPGA2] RX #67      data=0x01000001 (len=4 B)
[FPGA2] RX #67      data=0x01000002 (len=4 B)
[FPGA2] RX #67      data=0x01000003 (len=4 B)
[FPGA2] RX #67      data=0x01000004 (len=4 B)
[FPGA2] RX #67      data=0x01000005 (len=4 B)
[FPGA2] RX #67      data=0x01000006 (len=4 B)
[FPGA2] TX #67.0  data=0x02000000
[FPGA2] TX #67.1  data=0x02000001
[FPGA2] TX #67.2  data=0x02000002
[FPGA2] RX #67      data=0x01000007 (len=4 B)
[FPGA2] TX #67.3  data=0x02000003
[FPGA2] RX #67      data=0x01000000 (len=4 B)
[FPGA2] TX #67.4  data=0x02000004
[FPGA2] RX #67      data=0x01000001 (len=4 B)
[FPGA2] TX #67.5  data=0x02000005
[FPGA2] RX #67      data=0x01000002 (len=4 B)
[FPGA2] TX #67.6  data=0x02000006
[FPGA2] RX #67      data=0x01000003 (len=4 B)
[FPGA2] TX #67.7  data=0x02000007
[FPGA2] RX #68      data=0x01000004 (len=4 B)
[FPGA2] RX #68      data=0x01000005 (len=4 B)
[FPGA2] RX #68      data=0x01000006 (len=4 B)
[FPGA2] RX #68      data=0x01000007 (len=4 B)
[FPGA2] TX #68.0  data=0x02000000
[FPGA2] TX #68.1  data=0x02000001
[FPGA2] TX #68.2  data=0x02000002
[FPGA2] TX #68.3  data=0x02000003
[FPGA2] TX #68.4  data=0x02000004
[FPGA2] TX #68.5  data=0x02000005
[FPGA2] RX #68      data=0x01000000 (len=4 B)
[FPGA2] TX #68.6  data=0x02000006
[FPGA2] TX #68.7  data=0x02000007
[FPGA2] RX #69      data=0x01000001 (len=4 B)
[FPGA2] RX #69      data=0x01000002 (len=4 B)
[FPGA2] RX #69      data=0x01000003 (len=4 B)
[FPGA2] RX #69      data=0x01000004 (len=4 B)
[FPGA2] RX #69      data=0x01000005 (len=4 B)
[FPGA2] RX #69      data=0x01000006 (len=4 B)
[FPGA2] RX #69      data=0x01000007 (len=4 B)
[FPGA2] RX #69      data=0x01000000 (len=4 B)
[FPGA2] TX #69.0  data=0x02000000
[FPGA2] TX #69.1  data=0x02000001
[FPGA2] TX #69.2  data=0x02000002
[FPGA2] TX #69.3  data=0x02000003
[FPGA2] RX #69      data=0x01000001 (len=4 B)
[FPGA2] TX #69.4  data=0x02000004
[FPGA2] RX #69      data=0x01000002 (len=4 B)
[FPGA2] TX #69.5  data=0x02000005
[FPGA2] RX #69      data=0x01000003 (len=4 B)
[FPGA2] TX #69.6  data=0x02000006
[FPGA2] RX #69      data=0x01000004 (len=4 B)
[FPGA2] TX #69.7  data=0x02000007
[FPGA2] RX #70      data=0x01000005 (len=4 B)
[FPGA2] RX #70      data=0x01000006 (len=4 B)
[FPGA2] RX #70      data=0x01000007 (len=4 B)
[FPGA2] TX #70.0  data=0x02000000
[FPGA2] TX #70.1  data=0x02000001
[FPGA2] TX #70.2  data=0x02000002
[FPGA2] TX #70.3  data=0x02000003
[FPGA2] RX #70      data=0x01000000 (len=4 B)
[FPGA2] TX #70.4  data=0x02000004
[FPGA2] TX #70.5  data=0x02000005
[FPGA2] RX #70      data=0x01000001 (len=4 B)
[FPGA2] TX #70.6  data=0x02000006
[FPGA2] TX #70.7  data=0x02000007
[FPGA2] RX #71      data=0x01000002 (len=4 B)
[FPGA2] RX #71      data=0x01000003 (len=4 B)
[FPGA2] RX #71      data=0x01000004 (len=4 B)
[FPGA2] RX #71      data=0x01000005 (len=4 B)
[FPGA2] RX #71      data=0x01000006 (len=4 B)
[FPGA2] RX #71      data=0x01000007 (len=4 B)
[FPGA2] TX #71.0  data=0x02000000
[FPGA2] TX #71.1  data=0x02000001
[FPGA2] TX #71.2  data=0x02000002
[FPGA2] TX #71.3  data=0x02000003
[FPGA2] TX #71.4  data=0x02000004
[FPGA2] TX #71.5  data=0x02000005
[FPGA2] RX #71      data=0x01000000 (len=4 B)
[FPGA2] TX #71.6  data=0x02000006
[FPGA2] RX #71      data=0x01000001 (len=4 B)
[FPGA2] TX #71.7  data=0x02000007
[FPGA2] RX #72      data=0x01000002 (len=4 B)
[FPGA2] RX #72      data=0x01000003 (len=4 B)
[FPGA2] RX #72      data=0x01000004 (len=4 B)
[FPGA2] RX #72      data=0x01000005 (len=4 B)
[FPGA2] RX #72      data=0x01000006 (len=4 B)
[FPGA2] RX #72      data=0x01000007 (len=4 B)
[FPGA2] TX #72.0  data=0x02000000
[FPGA2] TX #72.1  data=0x02000001
[FPGA2] TX #72.2  data=0x02000002
[FPGA2] TX #72.3  data=0x02000003
[FPGA2] TX #72.4  data=0x02000004
[FPGA2] RX #72      data=0x01000000 (len=4 B)
[FPGA2] TX #72.5  data=0x02000005
[FPGA2] RX #72      data=0x01000001 (len=4 B)
[FPGA2] TX #72.6  data=0x02000006
[FPGA2] RX #72      data=0x01000002 (len=4 B)
[FPGA2] TX #72.7  data=0x02000007
[FPGA2] RX #73      data=0x01000003 (len=4 B)
[FPGA2] RX #73      data=0x01000004 (len=4 B)
[FPGA2] RX #73      data=0x01000005 (len=4 B)
[FPGA2] RX #73      data=0x01000006 (len=4 B)
[FPGA2] RX #73      data=0x01000007 (len=4 B)
[FPGA2] TX #73.0  data=0x02000000
[FPGA2] TX #73.1  data=0x02000001
[FPGA2] TX #73.2  data=0x02000002
[FPGA2] TX #73.3  data=0x02000003
[FPGA2] RX #73      data=0x01000000 (len=4 B)
[FPGA2] TX #73.4  data=0x02000004
[FPGA2] RX #73      data=0x01000001 (len=4 B)
[FPGA2] TX #73.5  data=0x02000005
[FPGA2] RX #73      data=0x01000002 (len=4 B)
[FPGA2] TX #73.6  data=0x02000006
[FPGA2] RX #73      data=0x01000003 (len=4 B)
[FPGA2] TX #73.7  data=0x02000007
[FPGA2] RX #74      data=0x01000004 (len=4 B)
[FPGA2] RX #74      data=0x01000005 (len=4 B)
[FPGA2] RX #74      data=0x01000006 (len=4 B)
[FPGA2] RX #74      data=0x01000007 (len=4 B)
[FPGA2] TX #74.0  data=0x02000000
[FPGA2] TX #74.1  data=0x02000001
[FPGA2] TX #74.2  data=0x02000002
[FPGA2] TX #74.3  data=0x02000003
[FPGA2] RX #74      data=0x01000000 (len=4 B)
[FPGA2] TX #74.4  data=0x02000004
[FPGA2] TX #74.5  data=0x02000005
[FPGA2] RX #74      data=0x01000001 (len=4 B)
[FPGA2] TX #74.6  data=0x02000006
[FPGA2] TX #74.7  data=0x02000007
[FPGA2] RX #75      data=0x01000002 (len=4 B)
[FPGA2] RX #75      data=0x01000003 (len=4 B)
[FPGA2] RX #75      data=0x01000004 (len=4 B)
[FPGA2] RX #75      data=0x01000005 (len=4 B)
[FPGA2] RX #75      data=0x01000006 (len=4 B)
[FPGA2] RX #75      data=0x01000007 (len=4 B)
[FPGA2] TX #75.0  data=0x02000000
[FPGA2] TX #75.1  data=0x02000001
[FPGA2] TX #75.2  data=0x02000002
[FPGA2] TX #75.3  data=0x02000003
[FPGA2] TX #75.4  data=0x02000004
[FPGA2] TX #75.5  data=0x02000005
[FPGA2] RX #75      data=0x01000000 (len=4 B)
[FPGA2] TX #75.6  data=0x02000006
[FPGA2] RX #75      data=0x01000001 (len=4 B)
[FPGA2] TX #75.7  data=0x02000007
[FPGA2] RX #76      data=0x01000002 (len=4 B)
[FPGA2] RX #76      data=0x01000003 (len=4 B)
[FPGA2] RX #76      data=0x01000004 (len=4 B)
[FPGA2] RX #76      data=0x01000005 (len=4 B)
[FPGA2] RX #76      data=0x01000006 (len=4 B)
[FPGA2] RX #76      data=0x01000007 (len=4 B)
[FPGA2] TX #76.0  data=0x02000000
[FPGA2] TX #76.1  data=0x02000001
[FPGA2] TX #76.2  data=0x02000002
[FPGA2] TX #76.3  data=0x02000003
[FPGA2] TX #76.4  data=0x02000004
[FPGA2] RX #76      data=0x01000000 (len=4 B)
[FPGA2] TX #76.5  data=0x02000005
[FPGA2] RX #76      data=0x01000001 (len=4 B)
[FPGA2] TX #76.6  data=0x02000006
[FPGA2] RX #76      data=0x01000002 (len=4 B)
[FPGA2] TX #76.7  data=0x02000007
[FPGA2] RX #77      data=0x01000003 (len=4 B)
[FPGA2] RX #77      data=0x01000004 (len=4 B)
[FPGA2] RX #77      data=0x01000005 (len=4 B)
[FPGA2] RX #77      data=0x01000006 (len=4 B)
[FPGA2] RX #77      data=0x01000007 (len=4 B)
[FPGA2] TX #77.0  data=0x02000000
[FPGA2] TX #77.1  data=0x02000001
[FPGA2] TX #77.2  data=0x02000002
[FPGA2] TX #77.3  data=0x02000003
[FPGA2] RX #77      data=0x01000000 (len=4 B)
[FPGA2] TX #77.4  data=0x02000004
[FPGA2] TX #77.5  data=0x02000005
[FPGA2] RX #77      data=0x01000001 (len=4 B)
[FPGA2] TX #77.6  data=0x02000006
[FPGA2] TX #77.7  data=0x02000007
[FPGA2] RX #78      data=0x01000002 (len=4 B)
[FPGA2] RX #78      data=0x01000003 (len=4 B)
[FPGA2] RX #78      data=0x01000004 (len=4 B)
[FPGA2] RX #78      data=0x01000005 (len=4 B)
[FPGA2] RX #78      data=0x01000006 (len=4 B)
[FPGA2] RX #78      data=0x01000007 (len=4 B)
[FPGA2] RX #78      data=0x01000000 (len=4 B)
[FPGA2] RX #78      data=0x01000001 (len=4 B)
[FPGA2] TX #78.0  data=0x02000000
[FPGA2] TX #78.1  data=0x02000001
[FPGA2] TX #78.2  data=0x02000002
[FPGA2] RX #78      data=0x01000002 (len=4 B)
[FPGA2] TX #78.3  data=0x02000003
[FPGA2] RX #78      data=0x01000003 (len=4 B)
[FPGA2] TX #78.4  data=0x02000004
[FPGA2] RX #78      data=0x01000004 (len=4 B)
[FPGA2] TX #78.5  data=0x02000005
[FPGA2] TX #78.6  data=0x02000006
[FPGA2] RX #78      data=0x01000005 (len=4 B)
[FPGA2] TX #78.7  data=0x02000007
[FPGA2] RX #79      data=0x01000006 (len=4 B)
[FPGA2] RX #79      data=0x01000007 (len=4 B)
[FPGA2] TX #79.0  data=0x02000000
[FPGA2] TX #79.1  data=0x02000001
[FPGA2] TX #79.2  data=0x02000002
[FPGA2] TX #79.3  data=0x02000003
[FPGA2] RX #79      data=0x01000000 (len=4 B)
[FPGA2] TX #79.4  data=0x02000004
[FPGA2] TX #79.5  data=0x02000005
[FPGA2] RX #79      data=0x01000001 (len=4 B)
[FPGA2] TX #79.6  data=0x02000006
[FPGA2] TX #79.7  data=0x02000007
[FPGA2] RX #80      data=0x01000002 (len=4 B)
[FPGA2] RX #80      data=0x01000003 (len=4 B)
[FPGA2] RX #80      data=0x01000004 (len=4 B)
[FPGA2] RX #80      data=0x01000005 (len=4 B)
[FPGA2] RX #80      data=0x01000006 (len=4 B)
[FPGA2] RX #80      data=0x01000007 (len=4 B)
[FPGA2] TX #80.0  data=0x02000000
[FPGA2] TX #80.1  data=0x02000001
[FPGA2] TX #80.2  data=0x02000002
[FPGA2] TX #80.3  data=0x02000003
[FPGA2] TX #80.4  data=0x02000004
[FPGA2] TX #80.5  data=0x02000005
[FPGA2] RX #80      data=0x01000000 (len=4 B)
[FPGA2] TX #80.6  data=0x02000006
[FPGA2] RX #80      data=0x01000001 (len=4 B)
[FPGA2] TX #80.7  data=0x02000007
[FPGA2] RX #81      data=0x01000002 (len=4 B)
[FPGA2] RX #81      data=0x01000003 (len=4 B)
[FPGA2] RX #81      data=0x01000004 (len=4 B)
[FPGA2] RX #81      data=0x01000005 (len=4 B)
[FPGA2] RX #81      data=0x01000006 (len=4 B)
[FPGA2] RX #81      data=0x01000007 (len=4 B)
[FPGA2] TX #81.0  data=0x02000000
[FPGA2] TX #81.1  data=0x02000001
[FPGA2] TX #81.2  data=0x02000002
[FPGA2] TX #81.3  data=0x02000003
[FPGA2] RX #81      data=0x01000000 (len=4 B)
[FPGA2] TX #81.4  data=0x02000004
[FPGA2] TX #81.5  data=0x02000005
[FPGA2] RX #81      data=0x01000001 (len=4 B)
[FPGA2] TX #81.6  data=0x02000006
[FPGA2] TX #81.7  data=0x02000007
[FPGA2] RX #82      data=0x01000002 (len=4 B)
[FPGA2] RX #82      data=0x01000003 (len=4 B)
[FPGA2] RX #82      data=0x01000004 (len=4 B)
[FPGA2] RX #82      data=0x01000005 (len=4 B)
[FPGA2] RX #82      data=0x01000006 (len=4 B)
[FPGA2] RX #82      data=0x01000007 (len=4 B)
[FPGA2] TX #82.0  data=0x02000000
[FPGA2] TX #82.1  data=0x02000001
[FPGA2] TX #82.2  data=0x02000002
[FPGA2] RX #82      data=0x01000000 (len=4 B)
[FPGA2] TX #82.3  data=0x02000003
[FPGA2] RX #82      data=0x01000001 (len=4 B)
[FPGA2] TX #82.4  data=0x02000004
[FPGA2] RX #82      data=0x01000002 (len=4 B)
[FPGA2] TX #82.5  data=0x02000005
[FPGA2] RX #82      data=0x01000003 (len=4 B)
[FPGA2] TX #82.6  data=0x02000006
[FPGA2] RX #82      data=0x01000004 (len=4 B)
[FPGA2] TX #82.7  data=0x02000007
[FPGA2] RX #83      data=0x01000005 (len=4 B)
[FPGA2] RX #83      data=0x01000006 (len=4 B)
[FPGA2] RX #83      data=0x01000007 (len=4 B)
[FPGA2] RX #83      data=0x01000000 (len=4 B)
[FPGA2] TX #83.0  data=0x02000000
[FPGA2] TX #83.1  data=0x02000001
[FPGA2] TX #83.2  data=0x02000002
[FPGA2] TX #83.3  data=0x02000003
[FPGA2] RX #83      data=0x01000001 (len=4 B)
[FPGA2] TX #83.4  data=0x02000004
[FPGA2] RX #83      data=0x01000002 (len=4 B)
[FPGA2] TX #83.5  data=0x02000005
[FPGA2] RX #83      data=0x01000003 (len=4 B)
[FPGA2] TX #83.6  data=0x02000006
[FPGA2] RX #83      data=0x01000004 (len=4 B)
[FPGA2] TX #83.7  data=0x02000007
[FPGA2] RX #84      data=0x01000005 (len=4 B)
[FPGA2] RX #84      data=0x01000006 (len=4 B)
[FPGA2] RX #84      data=0x01000007 (len=4 B)
